<html>
<body>
<pre>
<h1>µVision Build Log</h1>
<h2>Tool Versions:</h2>
IDE-Version: ÂµVision V5.26.2.0
Copyright (C) 2018 ARM Ltd and ARM Germany GmbH. All rights reserved.
License Information: Mehmet Hakan Kurtoglu, Bogazici University, LIC=----
 
Tool Versions:
Toolchain:       MDK-Lite  Version: 5.26.2.0
Toolchain Path:  C:\Keil_v5\ARM\ARMCC\Bin
C Compiler:      Armcc.exe V5.06 update 6 (build 750)
Assembler:       Armasm.exe V5.06 update 6 (build 750)
Linker/Locator:  ArmLink.exe V5.06 update 6 (build 750)
Library Manager: ArmAr.exe V5.06 update 6 (build 750)
Hex Converter:   FromElf.exe V5.06 update 6 (build 750)
CPU DLL:         SARMCM3.DLL V5.26.2.0
Dialog DLL:      DCM.DLL V1.17.2.0
Target DLL:      CMSIS_AGDI.dll V1.30.6.0
Dialog DLL:      TCM.DLL V1.36.1.0
 
<h2>Project:</h2>
C:\Users\mehme\Desktop\ders\cmpe443\term_project\fina_son_pers\LAB_006.uvprojx
Project File Date:  12/26/2018

<h2>Output:</h2>
*** Using Compiler 'V5.06 update 6 (build 750)', folder: 'C:\Keil_v5\ARM\ARMCC\Bin'
Rebuild target 'NXP_LPC4088'
compiling Timer.c...
compiling GPIO.c...
Library\GPIO.h(48): warning:  #1295-D: Deprecated declaration in1_in2_init - give arg types
  void in1_in2_init();
Library\GPIO.h(49): warning:  #1295-D: Deprecated declaration in3_in4_init - give arg types
  void in3_in4_init();
Library\GPIO.h(51): warning:  #1295-D: Deprecated declaration stop_right - give arg types
  void stop_right();
Library\GPIO.h(52): warning:  #1295-D: Deprecated declaration stop_left - give arg types
  void stop_left();
Library\GPIO.h(54): warning:  #1295-D: Deprecated declaration forward_right - give arg types
  void forward_right();
Library\GPIO.h(55): warning:  #1295-D: Deprecated declaration forward_left - give arg types
  void forward_left();
Library\GPIO.h(56): warning:  #1295-D: Deprecated declaration backward_left - give arg types
  void backward_left();
Library\GPIO.h(57): warning:  #1295-D: Deprecated declaration backward_right - give arg types
  void backward_right();
Library\GPIO.c(90): warning:  #1-D: last line of file ends without a newline
  	
Library\GPIO.c: 9 warnings, 0 errors
compiling main.c...
Library/GPIO.h(48): warning:  #1295-D: Deprecated declaration in1_in2_init - give arg types
  void in1_in2_init();
Library/GPIO.h(49): warning:  #1295-D: Deprecated declaration in3_in4_init - give arg types
  void in3_in4_init();
Library/GPIO.h(51): warning:  #1295-D: Deprecated declaration stop_right - give arg types
  void stop_right();
Library/GPIO.h(52): warning:  #1295-D: Deprecated declaration stop_left - give arg types
  void stop_left();
Library/GPIO.h(54): warning:  #1295-D: Deprecated declaration forward_right - give arg types
  void forward_right();
Library/GPIO.h(55): warning:  #1295-D: Deprecated declaration forward_left - give arg types
  void forward_left();
Library/GPIO.h(56): warning:  #1295-D: Deprecated declaration backward_left - give arg types
  void backward_left();
Library/GPIO.h(57): warning:  #1295-D: Deprecated declaration backward_right - give arg types
  void backward_right();
Library/LED.h(12): warning:  #1295-D: Deprecated declaration Front_Right_On - give arg types
  void Front_Right_On();
Library/LED.h(14): warning:  #1295-D: Deprecated declaration Front_Right_Off - give arg types
  void Front_Right_Off();
Library/LED.h(16): warning:  #1295-D: Deprecated declaration Front_Left_On - give arg types
  void Front_Left_On();
Library/LED.h(18): warning:  #1295-D: Deprecated declaration Front_Left_Off - give arg types
  void Front_Left_Off();
Library/LED.h(20): warning:  #1295-D: Deprecated declaration Back_Right_On - give arg types
  void Back_Right_On();
Library/LED.h(22): warning:  #1295-D: Deprecated declaration Back_Right_Off - give arg types
  void Back_Right_Off();
Library/LED.h(24): warning:  #1295-D: Deprecated declaration Back_Left_On - give arg types
  void Back_Left_On();
Library/LED.h(26): warning:  #1295-D: Deprecated declaration Back_Left_Off - give arg types
  void Back_Left_Off();
main.c(57): warning:  #223-D: function "ADC_Trim_Read" declared implicitly
  	speed=ADC_Trim_Read();
main.c(59): warning:  #223-D: function "ADC_LDRL_Read" declared implicitly
  	LDR_left=ADC_LDRL_Read();
main.c(60): warning:  #223-D: function "ADC_LDRR_Read" declared implicitly
  	LDR_right=ADC_LDRR_Read();
main.c: 19 warnings, 0 errors
compiling Wait.c...
compiling LED.c...
Library\LED.h(12): warning:  #1295-D: Deprecated declaration Front_Right_On - give arg types
  void Front_Right_On();
Library\LED.h(14): warning:  #1295-D: Deprecated declaration Front_Right_Off - give arg types
  void Front_Right_Off();
Library\LED.h(16): warning:  #1295-D: Deprecated declaration Front_Left_On - give arg types
  void Front_Left_On();
Library\LED.h(18): warning:  #1295-D: Deprecated declaration Front_Left_Off - give arg types
  void Front_Left_Off();
Library\LED.h(20): warning:  #1295-D: Deprecated declaration Back_Right_On - give arg types
  void Back_Right_On();
Library\LED.h(22): warning:  #1295-D: Deprecated declaration Back_Right_Off - give arg types
  void Back_Right_Off();
Library\LED.h(24): warning:  #1295-D: Deprecated declaration Back_Left_On - give arg types
  void Back_Left_On();
Library\LED.h(26): warning:  #1295-D: Deprecated declaration Back_Left_Off - give arg types
  void Back_Left_Off();
Library\LED.c: 8 warnings, 0 errors
compiling Joystick.c...
Library\GPIO.h(48): warning:  #1295-D: Deprecated declaration in1_in2_init - give arg types
  void in1_in2_init();
Library\GPIO.h(49): warning:  #1295-D: Deprecated declaration in3_in4_init - give arg types
  void in3_in4_init();
Library\GPIO.h(51): warning:  #1295-D: Deprecated declaration stop_right - give arg types
  void stop_right();
Library\GPIO.h(52): warning:  #1295-D: Deprecated declaration stop_left - give arg types
  void stop_left();
Library\GPIO.h(54): warning:  #1295-D: Deprecated declaration forward_right - give arg types
  void forward_right();
Library\GPIO.h(55): warning:  #1295-D: Deprecated declaration forward_left - give arg types
  void forward_left();
Library\GPIO.h(56): warning:  #1295-D: Deprecated declaration backward_left - give arg types
  void backward_left();
Library\GPIO.h(57): warning:  #1295-D: Deprecated declaration backward_right - give arg types
  void backward_right();
Library\Joystick.c: 8 warnings, 0 errors
compiling PWM.c...
compiling Ultrasonic.c...
Library\GPIO.h(48): warning:  #1295-D: Deprecated declaration in1_in2_init - give arg types
  void in1_in2_init();
Library\GPIO.h(49): warning:  #1295-D: Deprecated declaration in3_in4_init - give arg types
  void in3_in4_init();
Library\GPIO.h(51): warning:  #1295-D: Deprecated declaration stop_right - give arg types
  void stop_right();
Library\GPIO.h(52): warning:  #1295-D: Deprecated declaration stop_left - give arg types
  void stop_left();
Library\GPIO.h(54): warning:  #1295-D: Deprecated declaration forward_right - give arg types
  void forward_right();
Library\GPIO.h(55): warning:  #1295-D: Deprecated declaration forward_left - give arg types
  void forward_left();
Library\GPIO.h(56): warning:  #1295-D: Deprecated declaration backward_left - give arg types
  void backward_left();
Library\GPIO.h(57): warning:  #1295-D: Deprecated declaration backward_right - give arg types
  void backward_right();
Ultrasonic.c: 8 warnings, 0 errors
compiling Parameters.c...
compiling ADC.c...
compiling Serial.c...
Library/GPIO.h(48): warning:  #1295-D: Deprecated declaration in1_in2_init - give arg types
  void in1_in2_init();
Library/GPIO.h(49): warning:  #1295-D: Deprecated declaration in3_in4_init - give arg types
  void in3_in4_init();
Library/GPIO.h(51): warning:  #1295-D: Deprecated declaration stop_right - give arg types
  void stop_right();
Library/GPIO.h(52): warning:  #1295-D: Deprecated declaration stop_left - give arg types
  void stop_left();
Library/GPIO.h(54): warning:  #1295-D: Deprecated declaration forward_right - give arg types
  void forward_right();
Library/GPIO.h(55): warning:  #1295-D: Deprecated declaration forward_left - give arg types
  void forward_left();
Library/GPIO.h(56): warning:  #1295-D: Deprecated declaration backward_left - give arg types
  void backward_left();
Library/GPIO.h(57): warning:  #1295-D: Deprecated declaration backward_right - give arg types
  void backward_right();
Serial.c: 8 warnings, 0 errors
compiling ESP8266.c...
Library\GPIO.h(48): warning:  #1295-D: Deprecated declaration in1_in2_init - give arg types
  void in1_in2_init();
Library\GPIO.h(49): warning:  #1295-D: Deprecated declaration in3_in4_init - give arg types
  void in3_in4_init();
Library\GPIO.h(51): warning:  #1295-D: Deprecated declaration stop_right - give arg types
  void stop_right();
Library\GPIO.h(52): warning:  #1295-D: Deprecated declaration stop_left - give arg types
  void stop_left();
Library\GPIO.h(54): warning:  #1295-D: Deprecated declaration forward_right - give arg types
  void forward_right();
Library\GPIO.h(55): warning:  #1295-D: Deprecated declaration forward_left - give arg types
  void forward_left();
Library\GPIO.h(56): warning:  #1295-D: Deprecated declaration backward_left - give arg types
  void backward_left();
Library\GPIO.h(57): warning:  #1295-D: Deprecated declaration backward_right - give arg types
  void backward_right();
ESP8266.c: 8 warnings, 0 errors
assembling startup_LPC407x_8x_177x_8x.s...
compiling External.c...
compiling system_LPC407x_8x_177x_8x.c...
linking...
Program Size: Code=5764 RO-data=260 RW-data=100 ZI-data=1540  
".\Objects\LAB_006.axf" - 0 Error(s), 68 Warning(s).

<h2>Software Packages used:</h2>

Package Vendor: ARM
                http://www.keil.com/pack/ARM.CMSIS.5.4.0.pack
                ARM.CMSIS.5.4.0
                CMSIS (Cortex Microcontroller Software Interface Standard)
   * Component: CORE Version: 5.1.2

Package Vendor: Keil
                http://www.keil.com/pack/Keil.LPC4000_DFP.2.1.0.pack
                Keil.LPC4000_DFP.2.1.0
                NXP LPC4000 Series Device Support
   * Component: Startup Version: 1.0.1

<h2>Collection of Component include folders:</h2>
  .\RTE\Device\LPC4088FET208
  .\RTE\_NXP_LPC4088
  C:\Keil_v5\ARM\PACK\ARM\CMSIS\5.4.0\CMSIS\Core\Include
  C:\Keil_v5\ARM\PACK\Keil\LPC4000_DFP\2.1.0\Device\Include

<h2>Collection of Component Files used:</h2>

   * Component: ARM::CMSIS:CORE:5.1.2

   * Component: Keil::Device:Startup:1.0.1
      Source file:   Device\Source\ARM\startup_LPC407x_8x_177x_8x.s
      Include file:  Device\Include\system_LPC407x_8x_177x_8x.h
      Include file:  Device\Include\LPC407x_8x_177x_8x.h
      Source file:   Device\Source\system_LPC407x_8x_177x_8x.c
      Include file:  RTE_Driver\Config\RTE_Device.h
Build Time Elapsed:  00:00:07
</pre>
</body>
</html>
